Release 14.4 - xst P.49d (nt64)
Copyright (c) 1995-2012 Xilinx, Inc.  All rights reserved.
--> Parameter TMPDIR set to xst/projnav.tmp


Total REAL time to Xst completion: 0.00 secs
Total CPU time to Xst completion: 0.12 secs
 
--> Parameter xsthdpdir set to xst


Total REAL time to Xst completion: 0.00 secs
Total CPU time to Xst completion: 0.12 secs
 
--> Reading design: pipelined_regfile_3stage.prj

TABLE OF CONTENTS
  1) Synthesis Options Summary
  2) HDL Parsing
  3) HDL Elaboration
  4) HDL Synthesis
       4.1) HDL Synthesis Report
  5) Advanced HDL Synthesis
       5.1) Advanced HDL Synthesis Report
  6) Low Level Synthesis
  7) Partition Report
  8) Design Summary
       8.1) Primitive and Black Box Usage
       8.2) Device utilization summary
       8.3) Partition Resource Summary
       8.4) Timing Report
            8.4.1) Clock Information
            8.4.2) Asynchronous Control Signals Information
            8.4.3) Timing Summary
            8.4.4) Timing Details
            8.4.5) Cross Clock Domains Report


=========================================================================
*                      Synthesis Options Summary                        *
=========================================================================
---- Source Parameters
Input File Name                    : "pipelined_regfile_3stage.prj"
Ignore Synthesis Constraint File   : NO

---- Target Parameters
Output File Name                   : "pipelined_regfile_3stage"
Output Format                      : NGC
Target Device                      : xc6slx4-3-csg225

---- Source Options
Top Module Name                    : pipelined_regfile_3stage
Automatic FSM Extraction           : YES
FSM Encoding Algorithm             : Auto
Safe Implementation                : No
FSM Style                          : LUT
RAM Extraction                     : Yes
RAM Style                          : Auto
ROM Extraction                     : Yes
Shift Register Extraction          : YES
ROM Style                          : Auto
Resource Sharing                   : YES
Asynchronous To Synchronous        : NO
Shift Register Minimum Size        : 2
Use DSP Block                      : Auto
Automatic Register Balancing       : No

---- Target Options
LUT Combining                      : Auto
Reduce Control Sets                : Auto
Add IO Buffers                     : YES
Global Maximum Fanout              : 100000
Add Generic Clock Buffer(BUFG)     : 16
Register Duplication               : YES
Optimize Instantiated Primitives   : NO
Use Clock Enable                   : Auto
Use Synchronous Set                : Auto
Use Synchronous Reset              : Auto
Pack IO Registers into IOBs        : Auto
Equivalent register Removal        : YES

---- General Options
Optimization Goal                  : Speed
Optimization Effort                : 1
Power Reduction                    : NO
Keep Hierarchy                     : No
Netlist Hierarchy                  : As_Optimized
RTL Output                         : Yes
Global Optimization                : AllClockNets
Read Cores                         : YES
Write Timing Constraints           : NO
Cross Clock Analysis               : NO
Hierarchy Separator                : /
Bus Delimiter                      : <>
Case Specifier                     : Maintain
Slice Utilization Ratio            : 100
BRAM Utilization Ratio             : 100
DSP48 Utilization Ratio            : 100
Auto BRAM Packing                  : NO
Slice Utilization Ratio Delta      : 5

=========================================================================


=========================================================================
*                          HDL Parsing                                  *
=========================================================================
Analyzing Verilog file "\\ds10.sce.ntu.edu.sg\hwl2$\student\sisi0001\Lab3\lab3\regfile.v" into library work
Parsing verilog file "define.v" included at line 2.
Parsing module <regfile>.
Analyzing Verilog file "\\ds10.sce.ntu.edu.sg\hwl2$\student\sisi0001\Lab3\lab3\PC.v" into library work
Parsing verilog file "define.v" included at line 1.
Parsing module <PC1>.
Analyzing Verilog file "\\ds10.sce.ntu.edu.sg\hwl2$\student\sisi0001\Lab3\lab3\memory.v" into library work
Parsing verilog file "define.v" included at line 1.
Parsing module <memory>.
Analyzing Verilog file "\\ds10.sce.ntu.edu.sg\hwl2$\student\sisi0001\Lab3\lab3\DM.v" into library work
Parsing verilog file "define.v" included at line 1.
Parsing module <DM>.
Analyzing Verilog file "\\ds10.sce.ntu.edu.sg\hwl2$\student\sisi0001\Lab3\lab3\control.v" into library work
Parsing verilog file "define.v" included at line 3.
Parsing module <control>.
Analyzing Verilog file "\\ds10.sce.ntu.edu.sg\hwl2$\student\sisi0001\Lab3\lab3\alu.v" into library work
Parsing verilog file "define.v" included at line 1.
Parsing module <alu>.
Analyzing Verilog file "\\ds10.sce.ntu.edu.sg\hwl2$\student\sisi0001\Lab3\lab3\pipelined_regfile_3stage.v" into library work
Parsing verilog file "define.v" included at line 2.
Parsing module <pipelined_regfile_3stage>.

=========================================================================
*                            HDL Elaboration                            *
=========================================================================

Elaborating module <pipelined_regfile_3stage>.

Elaborating module <PC1>.

Elaborating module <memory>.
"\\ds10.sce.ntu.edu.sg\hwl2$\student\sisi0001\Lab3\lab3\memory.v" Line 47. $write Opening Fileid 0\n
WARNING:HDLCompiler:816 - "\\ds10.sce.ntu.edu.sg\hwl2$\student\sisi0001\Lab3\lab3\memory.v" Line 49: System function call feof not supported
WARNING:HDLCompiler:817 - "\\ds10.sce.ntu.edu.sg\hwl2$\student\sisi0001\Lab3\lab3\memory.v" Line 62: System task fclose ignored for synthesis

Elaborating module <control>.

Elaborating module <regfile>.

Elaborating module <alu>.
WARNING:HDLCompiler:295 - "\\ds10.sce.ntu.edu.sg\hwl2$\student\sisi0001\Lab3\lab3\alu.v" Line 31: case condition never applies

Elaborating module <DM>.
"\\ds10.sce.ntu.edu.sg\hwl2$\student\sisi0001\Lab3\lab3\DM.v" Line 48. $write Opening Fileid 0\n
WARNING:HDLCompiler:816 - "\\ds10.sce.ntu.edu.sg\hwl2$\student\sisi0001\Lab3\lab3\DM.v" Line 50: System function call feof not supported
WARNING:HDLCompiler:817 - "\\ds10.sce.ntu.edu.sg\hwl2$\student\sisi0001\Lab3\lab3\DM.v" Line 63: System task fclose ignored for synthesis

=========================================================================
*                           HDL Synthesis                               *
=========================================================================

Synthesizing Unit <pipelined_regfile_3stage>.
    Related source file is "\\ds10.sce.ntu.edu.sg\hwl2$\student\sisi0001\Lab3\lab3\pipelined_regfile_3stage.v".
WARNING:Xst:647 - Input <fileid> is never used. This port will be preserved and left unconnected if it belongs to a top-level block or it belongs to a sub-block and the hierarchy of this sub-block is preserved.
    Found 32-bit adder for signal <PCIN> created at line 36.
    Summary:
	inferred   1 Adder/Subtractor(s).
	inferred   3 Multiplexer(s).
Unit <pipelined_regfile_3stage> synthesized.

Synthesizing Unit <PC1>.
    Related source file is "\\ds10.sce.ntu.edu.sg\hwl2$\student\sisi0001\Lab3\lab3\PC.v".
    Found 32-bit register for signal <currPC>.
    Summary:
	inferred  32 D-type flip-flop(s).
Unit <PC1> synthesized.

Synthesizing Unit <memory>.
    Related source file is "\\ds10.sce.ntu.edu.sg\hwl2$\student\sisi0001\Lab3\lab3\memory.v".
WARNING:Xst:647 - Input <fileid> is never used. This port will be preserved and left unconnected if it belongs to a top-level block or it belongs to a sub-block and the hierarchy of this sub-block is preserved.
    Found 1024x32-bit dual-port RAM <Mram_memory> for signal <memory>.
    Found 10-bit register for signal <addr_r<9:0>>.
    Summary:
	inferred   1 RAM(s).
	inferred  10 D-type flip-flop(s).
Unit <memory> synthesized.

Synthesizing Unit <control>.
    Related source file is "\\ds10.sce.ntu.edu.sg\hwl2$\student\sisi0001\Lab3\lab3\control.v".
    Summary:
	no macro.
Unit <control> synthesized.

Synthesizing Unit <regfile>.
    Related source file is "\\ds10.sce.ntu.edu.sg\hwl2$\student\sisi0001\Lab3\lab3\regfile.v".
    Found 1024-bit register for signal <n0052>.
    Found 32-bit 32-to-1 multiplexer for signal <waddr[4]_regdata[31][31]_wide_mux_2_OUT> created at line 46.
    Found 32-bit 32-to-1 multiplexer for signal <raddr1[4]_regdata[31][31]_wide_mux_40_OUT> created at line 49.
    Found 32-bit 32-to-1 multiplexer for signal <raddr2[4]_regdata[31][31]_wide_mux_43_OUT> created at line 51.
    Found 5-bit comparator equal for signal <waddr[4]_raddr1[4]_equal_40_o> created at line 49
    Found 5-bit comparator equal for signal <waddr[4]_raddr2[4]_equal_43_o> created at line 51
    Summary:
	inferred 1024 D-type flip-flop(s).
	inferred   2 Comparator(s).
	inferred  38 Multiplexer(s).
Unit <regfile> synthesized.

Synthesizing Unit <alu>.
    Related source file is "\\ds10.sce.ntu.edu.sg\hwl2$\student\sisi0001\Lab3\lab3\alu.v".
    Found 32-bit subtractor for signal <a[31]_b[31]_sub_2_OUT> created at line 24.
    Found 32-bit adder for signal <a[31]_b[31]_add_7_OUT> created at line 30.
    Found 32x32-bit multiplier for signal <n0015> created at line 28.
    Found 32-bit 7-to-1 multiplexer for signal <out> created at line 22.
    Found 32-bit comparator lessequal for signal <n0003> created at line 27
    Summary:
	inferred   1 Multiplier(s).
	inferred   2 Adder/Subtractor(s).
	inferred   1 Comparator(s).
	inferred   1 Multiplexer(s).
Unit <alu> synthesized.

Synthesizing Unit <DM>.
    Related source file is "\\ds10.sce.ntu.edu.sg\hwl2$\student\sisi0001\Lab3\lab3\DM.v".
WARNING:Xst:647 - Input <fileid> is never used. This port will be preserved and left unconnected if it belongs to a top-level block or it belongs to a sub-block and the hierarchy of this sub-block is preserved.
    Found 1024x32-bit dual-port RAM <Mram_memory> for signal <memory>.
    Found 32-bit register for signal <addr_r>.
    Summary:
	inferred   1 RAM(s).
	inferred  32 D-type flip-flop(s).
	inferred   1 Multiplexer(s).
Unit <DM> synthesized.

=========================================================================
HDL Synthesis Report

Macro Statistics
# RAMs                                                 : 2
 1024x32-bit dual-port RAM                             : 2
# Multipliers                                          : 1
 32x32-bit multiplier                                  : 1
# Adders/Subtractors                                   : 3
 32-bit adder                                          : 2
 32-bit subtractor                                     : 1
# Registers                                            : 4
 10-bit register                                       : 1
 1024-bit register                                     : 1
 32-bit register                                       : 2
# Comparators                                          : 3
 32-bit comparator lessequal                           : 1
 5-bit comparator equal                                : 2
# Multiplexers                                         : 43
 1-bit 2-to-1 multiplexer                              : 1
 32-bit 2-to-1 multiplexer                             : 37
 32-bit 32-to-1 multiplexer                            : 3
 32-bit 7-to-1 multiplexer                             : 1
 5-bit 2-to-1 multiplexer                              : 1
# Xors                                                 : 1
 32-bit xor2                                           : 1

=========================================================================

=========================================================================
*                       Advanced HDL Synthesis                          *
=========================================================================

WARNING:Xst:2677 - Node <addr_r_10> of sequential type is unconnected in block <DM0>.
WARNING:Xst:2677 - Node <addr_r_11> of sequential type is unconnected in block <DM0>.
WARNING:Xst:2677 - Node <addr_r_12> of sequential type is unconnected in block <DM0>.
WARNING:Xst:2677 - Node <addr_r_13> of sequential type is unconnected in block <DM0>.
WARNING:Xst:2677 - Node <addr_r_14> of sequential type is unconnected in block <DM0>.
WARNING:Xst:2677 - Node <addr_r_15> of sequential type is unconnected in block <DM0>.
WARNING:Xst:2677 - Node <addr_r_16> of sequential type is unconnected in block <DM0>.
WARNING:Xst:2677 - Node <addr_r_17> of sequential type is unconnected in block <DM0>.
WARNING:Xst:2677 - Node <addr_r_18> of sequential type is unconnected in block <DM0>.
WARNING:Xst:2677 - Node <addr_r_19> of sequential type is unconnected in block <DM0>.
WARNING:Xst:2677 - Node <addr_r_20> of sequential type is unconnected in block <DM0>.
WARNING:Xst:2677 - Node <addr_r_21> of sequential type is unconnected in block <DM0>.
WARNING:Xst:2677 - Node <addr_r_22> of sequential type is unconnected in block <DM0>.
WARNING:Xst:2677 - Node <addr_r_23> of sequential type is unconnected in block <DM0>.
WARNING:Xst:2677 - Node <addr_r_24> of sequential type is unconnected in block <DM0>.
WARNING:Xst:2677 - Node <addr_r_25> of sequential type is unconnected in block <DM0>.
WARNING:Xst:2677 - Node <addr_r_26> of sequential type is unconnected in block <DM0>.
WARNING:Xst:2677 - Node <addr_r_27> of sequential type is unconnected in block <DM0>.
WARNING:Xst:2677 - Node <addr_r_28> of sequential type is unconnected in block <DM0>.
WARNING:Xst:2677 - Node <addr_r_29> of sequential type is unconnected in block <DM0>.
WARNING:Xst:2677 - Node <addr_r_30> of sequential type is unconnected in block <DM0>.
WARNING:Xst:2677 - Node <addr_r_31> of sequential type is unconnected in block <DM0>.

Synthesizing (advanced) Unit <memory>.
INFO:Xst:3226 - The RAM <Mram_memory> will be implemented as a BLOCK RAM, absorbing the following register(s): <addr_r>
    -----------------------------------------------------------------------
    | ram_type           | Block                               |          |
    -----------------------------------------------------------------------
    | Port A                                                              |
    |     aspect ratio   | 1024-word x 32-bit                  |          |
    |     mode           | write-first                         |          |
    |     clkA           | connected to signal <clk>           | rise     |
    |     weA            | connected to signal <GND>           | high     |
    |     addrA          | connected to signal <addr>          |          |
    |     diA            | connected to signal <GND>           |          |
    |     doA            | connected to internal node          |          |
    -----------------------------------------------------------------------
    | optimization       | speed                               |          |
    -----------------------------------------------------------------------
Unit <memory> synthesized (advanced).

Synthesizing (advanced) Unit <pipelined_regfile_3stage>.
The following registers are absorbed into counter <pc/currPC>: 1 register on signal <pc/currPC>.
INFO:Xst:3226 - The RAM <DM0/Mram_memory> will be implemented as a BLOCK RAM, absorbing the following register(s): <DM0/addr_r>
    -----------------------------------------------------------------------
    | ram_type           | Block                               |          |
    -----------------------------------------------------------------------
    | Port A                                                              |
    |     aspect ratio   | 1024-word x 32-bit                  |          |
    |     mode           | read-first                          |          |
    |     clkA           | connected to signal <clk>           | rise     |
    |     weA            | connected to internal node          | high     |
    |     addrA          | connected to signal <aluout<9:0>>   |          |
    |     diA            | connected to signal <rdata2>        |          |
    -----------------------------------------------------------------------
    | optimization       | speed                               |          |
    -----------------------------------------------------------------------
    | Port B                                                              |
    |     aspect ratio   | 1024-word x 32-bit                  |          |
    |     mode           | write-first                         |          |
    |     clkB           | connected to signal <clk>           | rise     |
    |     enB            | connected to signal <memread_0>     | high     |
    |     addrB          | connected to signal <aluout<9:0>>   |          |
    |     doB            | connected to signal <dm_out>        |          |
    -----------------------------------------------------------------------
    | optimization       | speed                               |          |
    -----------------------------------------------------------------------
Unit <pipelined_regfile_3stage> synthesized (advanced).

=========================================================================
Advanced HDL Synthesis Report

Macro Statistics
# RAMs                                                 : 2
 1024x32-bit dual-port block RAM                       : 1
 1024x32-bit single-port block RAM                     : 1
# Multipliers                                          : 1
 32x32-bit multiplier                                  : 1
# Adders/Subtractors                                   : 2
 32-bit adder                                          : 1
 32-bit subtractor                                     : 1
# Counters                                             : 1
 32-bit up counter                                     : 1
# Registers                                            : 1024
 Flip-Flops                                            : 1024
# Comparators                                          : 3
 32-bit comparator lessequal                           : 1
 5-bit comparator equal                                : 2
# Multiplexers                                         : 42
 32-bit 2-to-1 multiplexer                             : 37
 32-bit 32-to-1 multiplexer                            : 3
 32-bit 7-to-1 multiplexer                             : 1
 5-bit 2-to-1 multiplexer                              : 1
# Xors                                                 : 1
 32-bit xor2                                           : 1

=========================================================================

=========================================================================
*                         Low Level Synthesis                           *
=========================================================================
WARNING:Xst:2677 - Node <Mmult_n00153> of sequential type is unconnected in block <alu>.

Optimizing unit <pipelined_regfile_3stage> ...

Optimizing unit <regfile> ...

Optimizing unit <alu> ...

Mapping all equations...
Building and optimizing final netlist ...
Found area constraint ratio of 100 (+ 5) on block pipelined_regfile_3stage, actual ratio is 135.
Optimizing block <pipelined_regfile_3stage> to meet ratio 100 (+ 5) of 600 slices :
WARNING:Xst:2254 - Area constraint could not be met for block <pipelined_regfile_3stage>, final ratio is 136.

Final Macro Processing ...

=========================================================================
Final Register Report

Macro Statistics
# Registers                                            : 1056
 Flip-Flops                                            : 1056

=========================================================================

=========================================================================
*                           Partition Report                            *
=========================================================================

Partition Implementation Status
-------------------------------

  No Partitions were found in this design.

-------------------------------

=========================================================================
*                            Design Summary                             *
=========================================================================

Top Level Output File Name         : pipelined_regfile_3stage.ngc

Primitive and Black Box Usage:
------------------------------
# BELS                             : 2705
#      GND                         : 1
#      INV                         : 1
#      LUT1                        : 31
#      LUT2                        : 76
#      LUT3                        : 1154
#      LUT4                        : 33
#      LUT5                        : 74
#      LUT6                        : 1033
#      MUXCY                       : 109
#      MUXF7                       : 96
#      VCC                         : 1
#      XORCY                       : 96
# FlipFlops/Latches                : 1056
#      FDR                         : 1053
#      FDS                         : 3
# RAMS                             : 4
#      RAMB16BWER                  : 4
# Clock Buffers                    : 1
#      BUFGP                       : 1
# IO Buffers                       : 161
#      IBUF                        : 1
#      OBUF                        : 160
# DSPs                             : 3
#      DSP48A1                     : 3

Device utilization summary:
---------------------------

Selected Device : 6slx4csg225-3 


Slice Logic Utilization: 
 Number of Slice Registers:            1056  out of   4800    22%  
 Number of Slice LUTs:                 2402  out of   2400   100% (*) 
    Number used as Logic:              2402  out of   2400   100% (*) 

Slice Logic Distribution: 
 Number of LUT Flip Flop pairs used:   3138
   Number with an unused Flip Flop:    2082  out of   3138    66%  
   Number with an unused LUT:           736  out of   3138    23%  
   Number of fully used LUT-FF pairs:   320  out of   3138    10%  
   Number of unique control sets:         1

IO Utilization: 
 Number of IOs:                         163
 Number of bonded IOBs:                 162  out of    132   122% (*) 

Specific Feature Utilization:
 Number of Block RAM/FIFO:                4  out of     12    33%  
    Number using Block RAM only:          4
 Number of BUFG/BUFGCTRLs:                1  out of     16     6%  
 Number of DSP48A1s:                      3  out of      8    37%  

WARNING:Xst:1336 -  (*) More than 100% of Device resources are used

---------------------------
Partition Resource Summary:
---------------------------

  No Partitions were found in this design.

---------------------------


=========================================================================
Timing Report

NOTE: THESE TIMING NUMBERS ARE ONLY A SYNTHESIS ESTIMATE.
      FOR ACCURATE TIMING INFORMATION PLEASE REFER TO THE TRACE REPORT
      GENERATED AFTER PLACE-and-ROUTE.

Clock Information:
------------------
-----------------------------------+------------------------+-------+
Clock Signal                       | Clock buffer(FF name)  | Load  |
-----------------------------------+------------------------+-------+
clk                                | BUFGP                  | 1060  |
-----------------------------------+------------------------+-------+

Asynchronous Control Signals Information:
----------------------------------------
No asynchronous control signals found in this design

Timing Summary:
---------------
Speed Grade: -3

   Minimum period: 95.594ns (Maximum Frequency: 10.461MHz)
   Minimum input arrival time before clock: 4.753ns
   Maximum output required time after clock: 97.603ns
   Maximum combinational path delay: No path found

Timing Details:
---------------
All values displayed in nanoseconds (ns)

=========================================================================
Timing constraint: Default period analysis for Clock 'clk'
  Clock period: 95.594ns (frequency: 10.461MHz)
  Total number of paths / destination ports: 316410363601904 / 1158
-------------------------------------------------------------------------
Delay:               95.594ns (Levels of Logic = 138)
  Source:            im/Mram_memory2 (RAM)
  Destination:       RF0/regdata_31_1023 (FF)
  Source Clock:      clk rising
  Destination Clock: clk rising

  Data Path: im/Mram_memory2 to RF0/regdata_31_1023
                                Gate     Net
    Cell:in->out      fanout   Delay   Delay  Logical Name (Net Name)
    ----------------------------------------  ------------
     RAMB16BWER:CLKA->DOA13   38   1.850   1.605  im/Mram_memory2 (INST_31_OBUF)
     LUT3:I0->O           13   0.205   0.933  C0/out111 (C0/out11)
     LUT5:I4->O            3   0.205   0.879  Mmux_waddr_in_rf41_1 (Mmux_waddr_in_rf41)
     LUT6:I3->O            2   0.205   0.845  RF0/wen_waddr[4]_AND_64_o_1 (RF0/wen_waddr[4]_AND_64_o1)
     LUT3:I0->O            3   0.205   0.755  RF0/Mmux_rdata2110 (rdata2_0_OBUF)
     LUT3:I1->O            6   0.203   0.745  Mmux_rdata2_mux11 (rdata2_mux<0>)
     LUT2:I1->O            1   0.205   0.000  ALU0/Msub_a[31]_b[31]_sub_2_OUT_lut<0> (ALU0/Msub_a[31]_b[31]_sub_2_OUT_lut<0>)
     MUXCY:S->O            1   0.172   0.000  ALU0/Msub_a[31]_b[31]_sub_2_OUT_cy<0> (ALU0/Msub_a[31]_b[31]_sub_2_OUT_cy<0>)
     MUXCY:CI->O           1   0.019   0.000  ALU0/Msub_a[31]_b[31]_sub_2_OUT_cy<1> (ALU0/Msub_a[31]_b[31]_sub_2_OUT_cy<1>)
     XORCY:CI->O           1   0.180   0.684  ALU0/Msub_a[31]_b[31]_sub_2_OUT_xor<2> (ALU0/a[31]_b[31]_sub_2_OUT<2>)
     LUT6:I4->O            1   0.203   0.580  ALU0/Mmux_out231 (ALU0/Mmux_out23)
     LUT6:I5->O            5   0.205   0.715  ALU0/Mmux_out232 (aluout_2_OBUF)
     LUT3:I2->O            3   0.205   0.651  Mmux_dm_out_mux231 (dm_out_mux<2>)
     LUT3:I2->O            8   0.205   0.802  RF0/Mmux_rdata1231 (rdata1_2_OBUF)
     MUXCY:DI->O           1   0.145   0.000  ALU0/Msub_a[31]_b[31]_sub_2_OUT_cy<2> (ALU0/Msub_a[31]_b[31]_sub_2_OUT_cy<2>)
     MUXCY:CI->O           1   0.019   0.000  ALU0/Msub_a[31]_b[31]_sub_2_OUT_cy<3> (ALU0/Msub_a[31]_b[31]_sub_2_OUT_cy<3>)
     XORCY:CI->O           1   0.180   0.684  ALU0/Msub_a[31]_b[31]_sub_2_OUT_xor<4> (ALU0/a[31]_b[31]_sub_2_OUT<4>)
     LUT6:I4->O            1   0.203   0.580  ALU0/Mmux_out271 (ALU0/Mmux_out27)
     LUT6:I5->O            5   0.205   0.715  ALU0/Mmux_out272 (aluout_4_OBUF)
     LUT3:I2->O            3   0.205   0.651  Mmux_dm_out_mux271 (dm_out_mux<4>)
     LUT3:I2->O            8   0.205   0.802  RF0/Mmux_rdata1271 (rdata1_4_OBUF)
     MUXCY:DI->O           1   0.145   0.000  ALU0/Msub_a[31]_b[31]_sub_2_OUT_cy<4> (ALU0/Msub_a[31]_b[31]_sub_2_OUT_cy<4>)
     MUXCY:CI->O           1   0.019   0.000  ALU0/Msub_a[31]_b[31]_sub_2_OUT_cy<5> (ALU0/Msub_a[31]_b[31]_sub_2_OUT_cy<5>)
     XORCY:CI->O           1   0.180   0.684  ALU0/Msub_a[31]_b[31]_sub_2_OUT_xor<6> (ALU0/a[31]_b[31]_sub_2_OUT<6>)
     LUT6:I4->O            1   0.203   0.580  ALU0/Mmux_out291 (ALU0/Mmux_out29)
     LUT6:I5->O            5   0.205   0.715  ALU0/Mmux_out292 (aluout_6_OBUF)
     LUT3:I2->O            3   0.205   0.651  Mmux_dm_out_mux291 (dm_out_mux<6>)
     LUT3:I2->O            8   0.205   0.802  RF0/Mmux_rdata1291 (rdata1_6_OBUF)
     MUXCY:DI->O           1   0.145   0.000  ALU0/Msub_a[31]_b[31]_sub_2_OUT_cy<6> (ALU0/Msub_a[31]_b[31]_sub_2_OUT_cy<6>)
     MUXCY:CI->O           1   0.019   0.000  ALU0/Msub_a[31]_b[31]_sub_2_OUT_cy<7> (ALU0/Msub_a[31]_b[31]_sub_2_OUT_cy<7>)
     XORCY:CI->O           1   0.180   0.684  ALU0/Msub_a[31]_b[31]_sub_2_OUT_xor<8> (ALU0/a[31]_b[31]_sub_2_OUT<8>)
     LUT6:I4->O            1   0.203   0.580  ALU0/Mmux_out311 (ALU0/Mmux_out31)
     LUT6:I5->O            5   0.205   0.715  ALU0/Mmux_out312 (aluout_8_OBUF)
     LUT3:I2->O            3   0.205   0.651  Mmux_dm_out_mux311 (dm_out_mux<8>)
     LUT3:I2->O            8   0.205   0.802  RF0/Mmux_rdata1311 (rdata1_8_OBUF)
     MUXCY:DI->O           1   0.145   0.000  ALU0/Msub_a[31]_b[31]_sub_2_OUT_cy<8> (ALU0/Msub_a[31]_b[31]_sub_2_OUT_cy<8>)
     MUXCY:CI->O           1   0.019   0.000  ALU0/Msub_a[31]_b[31]_sub_2_OUT_cy<9> (ALU0/Msub_a[31]_b[31]_sub_2_OUT_cy<9>)
     XORCY:CI->O           1   0.180   0.684  ALU0/Msub_a[31]_b[31]_sub_2_OUT_xor<10> (ALU0/a[31]_b[31]_sub_2_OUT<10>)
     LUT6:I4->O            1   0.203   0.580  ALU0/Mmux_out21 (ALU0/Mmux_out2)
     LUT6:I5->O            2   0.205   0.617  ALU0/Mmux_out22 (aluout_10_OBUF)
     LUT3:I2->O            3   0.205   0.651  Mmux_dm_out_mux21 (dm_out_mux<10>)
     LUT3:I2->O            8   0.205   0.802  RF0/Mmux_rdata1210 (rdata1_10_OBUF)
     MUXCY:DI->O           1   0.145   0.000  ALU0/Msub_a[31]_b[31]_sub_2_OUT_cy<10> (ALU0/Msub_a[31]_b[31]_sub_2_OUT_cy<10>)
     MUXCY:CI->O           1   0.019   0.000  ALU0/Msub_a[31]_b[31]_sub_2_OUT_cy<11> (ALU0/Msub_a[31]_b[31]_sub_2_OUT_cy<11>)
     XORCY:CI->O           1   0.180   0.684  ALU0/Msub_a[31]_b[31]_sub_2_OUT_xor<12> (ALU0/a[31]_b[31]_sub_2_OUT<12>)
     LUT6:I4->O            1   0.203   0.580  ALU0/Mmux_out41 (ALU0/Mmux_out4)
     LUT6:I5->O            2   0.205   0.617  ALU0/Mmux_out42 (aluout_12_OBUF)
     LUT3:I2->O            3   0.205   0.651  Mmux_dm_out_mux41 (dm_out_mux<12>)
     LUT3:I2->O            8   0.205   0.802  RF0/Mmux_rdata141 (rdata1_12_OBUF)
     MUXCY:DI->O           1   0.145   0.000  ALU0/Msub_a[31]_b[31]_sub_2_OUT_cy<12> (ALU0/Msub_a[31]_b[31]_sub_2_OUT_cy<12>)
     MUXCY:CI->O           1   0.019   0.000  ALU0/Msub_a[31]_b[31]_sub_2_OUT_cy<13> (ALU0/Msub_a[31]_b[31]_sub_2_OUT_cy<13>)
     MUXCY:CI->O           1   0.019   0.000  ALU0/Msub_a[31]_b[31]_sub_2_OUT_cy<14> (ALU0/Msub_a[31]_b[31]_sub_2_OUT_cy<14>)
     MUXCY:CI->O           1   0.019   0.000  ALU0/Msub_a[31]_b[31]_sub_2_OUT_cy<15> (ALU0/Msub_a[31]_b[31]_sub_2_OUT_cy<15>)
     MUXCY:CI->O           1   0.019   0.000  ALU0/Msub_a[31]_b[31]_sub_2_OUT_cy<16> (ALU0/Msub_a[31]_b[31]_sub_2_OUT_cy<16>)
     MUXCY:CI->O           1   0.019   0.000  ALU0/Msub_a[31]_b[31]_sub_2_OUT_cy<17> (ALU0/Msub_a[31]_b[31]_sub_2_OUT_cy<17>)
     XORCY:CI->O           1   0.180   0.684  ALU0/Msub_a[31]_b[31]_sub_2_OUT_xor<18> (ALU0/a[31]_b[31]_sub_2_OUT<18>)
     LUT6:I4->O            1   0.203   0.580  ALU0/Mmux_out101 (ALU0/Mmux_out10)
     LUT6:I5->O            2   0.205   0.617  ALU0/Mmux_out102 (aluout_18_OBUF)
     LUT3:I2->O            3   0.205   0.651  Mmux_dm_out_mux101 (dm_out_mux<18>)
     LUT3:I2->O            7   0.205   0.773  RF0/Mmux_rdata1101 (rdata1_18_OBUF)
     MUXCY:DI->O           1   0.145   0.000  ALU0/Msub_a[31]_b[31]_sub_2_OUT_cy<18> (ALU0/Msub_a[31]_b[31]_sub_2_OUT_cy<18>)
     MUXCY:CI->O           1   0.019   0.000  ALU0/Msub_a[31]_b[31]_sub_2_OUT_cy<19> (ALU0/Msub_a[31]_b[31]_sub_2_OUT_cy<19>)
     XORCY:CI->O           1   0.180   0.684  ALU0/Msub_a[31]_b[31]_sub_2_OUT_xor<20> (ALU0/a[31]_b[31]_sub_2_OUT<20>)
     LUT6:I4->O            1   0.203   0.580  ALU0/Mmux_out131 (ALU0/Mmux_out13)
     LUT6:I5->O            2   0.205   0.617  ALU0/Mmux_out132 (aluout_20_OBUF)
     LUT3:I2->O            3   0.205   0.651  Mmux_dm_out_mux131 (dm_out_mux<20>)
     LUT3:I2->O            7   0.205   0.773  RF0/Mmux_rdata1131 (rdata1_20_OBUF)
     MUXCY:DI->O           1   0.145   0.000  ALU0/Msub_a[31]_b[31]_sub_2_OUT_cy<20> (ALU0/Msub_a[31]_b[31]_sub_2_OUT_cy<20>)
     MUXCY:CI->O           1   0.019   0.000  ALU0/Msub_a[31]_b[31]_sub_2_OUT_cy<21> (ALU0/Msub_a[31]_b[31]_sub_2_OUT_cy<21>)
     XORCY:CI->O           1   0.180   0.684  ALU0/Msub_a[31]_b[31]_sub_2_OUT_xor<22> (ALU0/a[31]_b[31]_sub_2_OUT<22>)
     LUT6:I4->O            1   0.203   0.580  ALU0/Mmux_out151 (ALU0/Mmux_out15)
     LUT6:I5->O            2   0.205   0.617  ALU0/Mmux_out152 (aluout_22_OBUF)
     LUT3:I2->O            3   0.205   0.651  Mmux_dm_out_mux151 (dm_out_mux<22>)
     LUT3:I2->O            7   0.205   0.773  RF0/Mmux_rdata1151 (rdata1_22_OBUF)
     MUXCY:DI->O           1   0.145   0.000  ALU0/Msub_a[31]_b[31]_sub_2_OUT_cy<22> (ALU0/Msub_a[31]_b[31]_sub_2_OUT_cy<22>)
     MUXCY:CI->O           1   0.019   0.000  ALU0/Msub_a[31]_b[31]_sub_2_OUT_cy<23> (ALU0/Msub_a[31]_b[31]_sub_2_OUT_cy<23>)
     XORCY:CI->O           1   0.180   0.684  ALU0/Msub_a[31]_b[31]_sub_2_OUT_xor<24> (ALU0/a[31]_b[31]_sub_2_OUT<24>)
     LUT6:I4->O            1   0.203   0.580  ALU0/Mmux_out171 (ALU0/Mmux_out17)
     LUT6:I5->O            2   0.205   0.617  ALU0/Mmux_out172 (aluout_24_OBUF)
     LUT3:I2->O            3   0.205   0.651  Mmux_dm_out_mux171 (dm_out_mux<24>)
     LUT3:I2->O            7   0.205   0.773  RF0/Mmux_rdata1171 (rdata1_24_OBUF)
     MUXCY:DI->O           1   0.145   0.000  ALU0/Msub_a[31]_b[31]_sub_2_OUT_cy<24> (ALU0/Msub_a[31]_b[31]_sub_2_OUT_cy<24>)
     MUXCY:CI->O           1   0.019   0.000  ALU0/Msub_a[31]_b[31]_sub_2_OUT_cy<25> (ALU0/Msub_a[31]_b[31]_sub_2_OUT_cy<25>)
     XORCY:CI->O           1   0.180   0.684  ALU0/Msub_a[31]_b[31]_sub_2_OUT_xor<26> (ALU0/a[31]_b[31]_sub_2_OUT<26>)
     LUT6:I4->O            1   0.203   0.580  ALU0/Mmux_out191 (ALU0/Mmux_out19)
     LUT6:I5->O            2   0.205   0.617  ALU0/Mmux_out192 (aluout_26_OBUF)
     LUT3:I2->O            3   0.205   0.651  Mmux_dm_out_mux191 (dm_out_mux<26>)
     LUT3:I2->O            7   0.205   0.773  RF0/Mmux_rdata1191 (rdata1_26_OBUF)
     MUXCY:DI->O           1   0.145   0.000  ALU0/Msub_a[31]_b[31]_sub_2_OUT_cy<26> (ALU0/Msub_a[31]_b[31]_sub_2_OUT_cy<26>)
     MUXCY:CI->O           1   0.019   0.000  ALU0/Msub_a[31]_b[31]_sub_2_OUT_cy<27> (ALU0/Msub_a[31]_b[31]_sub_2_OUT_cy<27>)
     XORCY:CI->O           1   0.180   0.684  ALU0/Msub_a[31]_b[31]_sub_2_OUT_xor<28> (ALU0/a[31]_b[31]_sub_2_OUT<28>)
     LUT6:I4->O            1   0.203   0.580  ALU0/Mmux_out211 (ALU0/Mmux_out21)
     LUT6:I5->O            2   0.205   0.617  ALU0/Mmux_out212 (aluout_28_OBUF)
     LUT3:I2->O            3   0.205   0.651  Mmux_dm_out_mux211 (dm_out_mux<28>)
     LUT3:I2->O            7   0.205   0.773  RF0/Mmux_rdata1211 (rdata1_28_OBUF)
     MUXCY:DI->O           1   0.145   0.000  ALU0/Msub_a[31]_b[31]_sub_2_OUT_cy<28> (ALU0/Msub_a[31]_b[31]_sub_2_OUT_cy<28>)
     MUXCY:CI->O           1   0.019   0.000  ALU0/Msub_a[31]_b[31]_sub_2_OUT_cy<29> (ALU0/Msub_a[31]_b[31]_sub_2_OUT_cy<29>)
     XORCY:CI->O           1   0.180   0.684  ALU0/Msub_a[31]_b[31]_sub_2_OUT_xor<30> (ALU0/a[31]_b[31]_sub_2_OUT<30>)
     LUT6:I4->O            1   0.203   0.580  ALU0/Mmux_out241 (ALU0/Mmux_out24)
     LUT6:I5->O            2   0.205   0.617  ALU0/Mmux_out242 (aluout_30_OBUF)
     LUT3:I2->O            3   0.205   0.651  Mmux_dm_out_mux241 (dm_out_mux<30>)
     LUT3:I2->O            3   0.205   0.755  RF0/Mmux_rdata2241 (rdata2_30_OBUF)
     LUT3:I1->O            6   0.203   0.973  Mmux_rdata2_mux241 (rdata2_mux<30>)
     LUT4:I1->O            1   0.205   0.000  ALU0/Mcompar_a[31]_b[31]_LessThan_5_o_lut<15> (ALU0/Mcompar_a[31]_b[31]_LessThan_5_o_lut<15>)
     MUXCY:S->O            1   0.366   0.684  ALU0/Mcompar_a[31]_b[31]_LessThan_5_o_cy<15> (ALU0/a[31]_b[31]_LessThan_5_o)
     LUT6:I4->O            1   0.203   0.684  ALU0/Mmux_out11 (ALU0/Mmux_out1)
     LUT2:I0->O            5   0.203   0.715  ALU0/Mmux_out14 (aluout_0_OBUF)
     LUT3:I2->O            3   0.205   0.651  Mmux_dm_out_mux11 (dm_out_mux<0>)
     LUT3:I2->O            8   0.205   0.802  RF0/Mmux_rdata1110 (rdata1_0_OBUF)
     MUXCY:DI->O           1   0.145   0.000  ALU0/Madd_a[31]_b[31]_add_7_OUT_cy<0> (ALU0/Madd_a[31]_b[31]_add_7_OUT_cy<0>)
     MUXCY:CI->O           1   0.019   0.000  ALU0/Madd_a[31]_b[31]_add_7_OUT_cy<1> (ALU0/Madd_a[31]_b[31]_add_7_OUT_cy<1>)
     MUXCY:CI->O           1   0.019   0.000  ALU0/Madd_a[31]_b[31]_add_7_OUT_cy<2> (ALU0/Madd_a[31]_b[31]_add_7_OUT_cy<2>)
     MUXCY:CI->O           1   0.019   0.000  ALU0/Madd_a[31]_b[31]_add_7_OUT_cy<3> (ALU0/Madd_a[31]_b[31]_add_7_OUT_cy<3>)
     MUXCY:CI->O           1   0.019   0.000  ALU0/Madd_a[31]_b[31]_add_7_OUT_cy<4> (ALU0/Madd_a[31]_b[31]_add_7_OUT_cy<4>)
     MUXCY:CI->O           1   0.019   0.000  ALU0/Madd_a[31]_b[31]_add_7_OUT_cy<5> (ALU0/Madd_a[31]_b[31]_add_7_OUT_cy<5>)
     MUXCY:CI->O           1   0.019   0.000  ALU0/Madd_a[31]_b[31]_add_7_OUT_cy<6> (ALU0/Madd_a[31]_b[31]_add_7_OUT_cy<6>)
     MUXCY:CI->O           1   0.019   0.000  ALU0/Madd_a[31]_b[31]_add_7_OUT_cy<7> (ALU0/Madd_a[31]_b[31]_add_7_OUT_cy<7>)
     MUXCY:CI->O           1   0.019   0.000  ALU0/Madd_a[31]_b[31]_add_7_OUT_cy<8> (ALU0/Madd_a[31]_b[31]_add_7_OUT_cy<8>)
     MUXCY:CI->O           1   0.019   0.000  ALU0/Madd_a[31]_b[31]_add_7_OUT_cy<9> (ALU0/Madd_a[31]_b[31]_add_7_OUT_cy<9>)
     MUXCY:CI->O           1   0.019   0.000  ALU0/Madd_a[31]_b[31]_add_7_OUT_cy<10> (ALU0/Madd_a[31]_b[31]_add_7_OUT_cy<10>)
     MUXCY:CI->O           1   0.019   0.000  ALU0/Madd_a[31]_b[31]_add_7_OUT_cy<11> (ALU0/Madd_a[31]_b[31]_add_7_OUT_cy<11>)
     MUXCY:CI->O           1   0.019   0.000  ALU0/Madd_a[31]_b[31]_add_7_OUT_cy<12> (ALU0/Madd_a[31]_b[31]_add_7_OUT_cy<12>)
     MUXCY:CI->O           1   0.019   0.000  ALU0/Madd_a[31]_b[31]_add_7_OUT_cy<13> (ALU0/Madd_a[31]_b[31]_add_7_OUT_cy<13>)
     MUXCY:CI->O           1   0.019   0.000  ALU0/Madd_a[31]_b[31]_add_7_OUT_cy<14> (ALU0/Madd_a[31]_b[31]_add_7_OUT_cy<14>)
     XORCY:CI->O           2   0.180   0.617  ALU0/Madd_a[31]_b[31]_add_7_OUT_xor<15> (ALU0/a[31]_b[31]_add_7_OUT<15>)
     LUT6:I5->O            1   0.205   0.580  ALU0/Mmux_out71 (ALU0/Mmux_out7)
     LUT6:I5->O            2   0.205   0.617  ALU0/Mmux_out72 (aluout_15_OBUF)
     LUT3:I2->O            3   0.205   0.651  Mmux_dm_out_mux71 (dm_out_mux<15>)
     LUT3:I2->O            3   0.205   0.755  RF0/Mmux_rdata271 (rdata2_15_OBUF)
     LUT3:I1->O            6   0.203   0.744  Mmux_rdata2_mux71 (rdata2_mux<15>)
     DSP48A1:B15->P16      1   4.394   0.808  ALU0/Mmult_n0015 (ALU0/n0015<16>)
     LUT6:I3->O            2   0.205   0.617  ALU0/Mmux_out82 (aluout_16_OBUF)
     LUT3:I2->O            3   0.205   0.651  Mmux_dm_out_mux81 (dm_out_mux<16>)
     LUT3:I2->O            8   0.205   0.802  RF0/Mmux_rdata181 (rdata1_16_OBUF)
     DSP48A1:B16->P14      1   4.394   0.827  ALU0/Mmult_n00152 (ALU0/n0015<31>)
     LUT6:I2->O            2   0.203   0.617  ALU0/Mmux_out252 (aluout_31_OBUF)
     LUT3:I2->O            4   0.205   0.684  Mmux_dm_out_mux251 (dm_out_mux<31>)
     LUT5:I4->O           17   0.205   1.028  RF0/wen41 (RF0/wen_mmx_out12)
     LUT3:I2->O            1   0.205   0.000  RF0/Mmux_regdata[0][31]_waddr[4]_mux_36_OUT251 (RF0/regdata[0][31]_waddr[4]_mux_36_OUT<31>)
     FDR:D                     0.102          RF0/regdata_31_1023
    ----------------------------------------
    Total                     95.594ns (31.814ns logic, 63.780ns route)
                                       (33.3% logic, 66.7% route)

=========================================================================
Timing constraint: Default OFFSET IN BEFORE for Clock 'clk'
  Total number of paths / destination ports: 1086 / 1086
-------------------------------------------------------------------------
Offset:              4.753ns (Levels of Logic = 2)
  Source:            rst (PAD)
  Destination:       DM0/Mram_memory1 (RAM)
  Destination Clock: clk rising

  Data Path: rst to DM0/Mram_memory1
                                Gate     Net
    Cell:in->out      fanout   Delay   Delay  Logical Name (Net Name)
    ----------------------------------------  ------------
     IBUF:I->O          1068   1.222   2.224  rst_IBUF (rst_IBUF)
     LUT2:I1->O            8   0.205   0.802  DM0/Mmux_BUS_000111 (DM0/BUS_0001)
     RAMB16BWER:WEA2           0.300          DM0/Mram_memory1
    ----------------------------------------
    Total                      4.753ns (1.727ns logic, 3.026ns route)
                                       (36.3% logic, 63.7% route)

=========================================================================
Timing constraint: Default OFFSET OUT AFTER for Clock 'clk'
  Total number of paths / destination ports: 19775073379564 / 160
-------------------------------------------------------------------------
Offset:              97.603ns (Levels of Logic = 138)
  Source:            im/Mram_memory2 (RAM)
  Destination:       rdata1<31> (PAD)
  Source Clock:      clk rising

  Data Path: im/Mram_memory2 to rdata1<31>
                                Gate     Net
    Cell:in->out      fanout   Delay   Delay  Logical Name (Net Name)
    ----------------------------------------  ------------
     RAMB16BWER:CLKA->DOA13   38   1.850   1.605  im/Mram_memory2 (INST_31_OBUF)
     LUT3:I0->O           13   0.205   0.933  C0/out111 (C0/out11)
     LUT5:I4->O            3   0.205   0.879  Mmux_waddr_in_rf41_1 (Mmux_waddr_in_rf41)
     LUT6:I3->O            2   0.205   0.845  RF0/wen_waddr[4]_AND_64_o_1 (RF0/wen_waddr[4]_AND_64_o1)
     LUT3:I0->O            3   0.205   0.755  RF0/Mmux_rdata2110 (rdata2_0_OBUF)
     LUT3:I1->O            6   0.203   0.745  Mmux_rdata2_mux11 (rdata2_mux<0>)
     LUT2:I1->O            1   0.205   0.000  ALU0/Msub_a[31]_b[31]_sub_2_OUT_lut<0> (ALU0/Msub_a[31]_b[31]_sub_2_OUT_lut<0>)
     MUXCY:S->O            1   0.172   0.000  ALU0/Msub_a[31]_b[31]_sub_2_OUT_cy<0> (ALU0/Msub_a[31]_b[31]_sub_2_OUT_cy<0>)
     MUXCY:CI->O           1   0.019   0.000  ALU0/Msub_a[31]_b[31]_sub_2_OUT_cy<1> (ALU0/Msub_a[31]_b[31]_sub_2_OUT_cy<1>)
     XORCY:CI->O           1   0.180   0.684  ALU0/Msub_a[31]_b[31]_sub_2_OUT_xor<2> (ALU0/a[31]_b[31]_sub_2_OUT<2>)
     LUT6:I4->O            1   0.203   0.580  ALU0/Mmux_out231 (ALU0/Mmux_out23)
     LUT6:I5->O            5   0.205   0.715  ALU0/Mmux_out232 (aluout_2_OBUF)
     LUT3:I2->O            3   0.205   0.651  Mmux_dm_out_mux231 (dm_out_mux<2>)
     LUT3:I2->O            8   0.205   0.802  RF0/Mmux_rdata1231 (rdata1_2_OBUF)
     MUXCY:DI->O           1   0.145   0.000  ALU0/Msub_a[31]_b[31]_sub_2_OUT_cy<2> (ALU0/Msub_a[31]_b[31]_sub_2_OUT_cy<2>)
     MUXCY:CI->O           1   0.019   0.000  ALU0/Msub_a[31]_b[31]_sub_2_OUT_cy<3> (ALU0/Msub_a[31]_b[31]_sub_2_OUT_cy<3>)
     XORCY:CI->O           1   0.180   0.684  ALU0/Msub_a[31]_b[31]_sub_2_OUT_xor<4> (ALU0/a[31]_b[31]_sub_2_OUT<4>)
     LUT6:I4->O            1   0.203   0.580  ALU0/Mmux_out271 (ALU0/Mmux_out27)
     LUT6:I5->O            5   0.205   0.715  ALU0/Mmux_out272 (aluout_4_OBUF)
     LUT3:I2->O            3   0.205   0.651  Mmux_dm_out_mux271 (dm_out_mux<4>)
     LUT3:I2->O            8   0.205   0.802  RF0/Mmux_rdata1271 (rdata1_4_OBUF)
     MUXCY:DI->O           1   0.145   0.000  ALU0/Msub_a[31]_b[31]_sub_2_OUT_cy<4> (ALU0/Msub_a[31]_b[31]_sub_2_OUT_cy<4>)
     MUXCY:CI->O           1   0.019   0.000  ALU0/Msub_a[31]_b[31]_sub_2_OUT_cy<5> (ALU0/Msub_a[31]_b[31]_sub_2_OUT_cy<5>)
     XORCY:CI->O           1   0.180   0.684  ALU0/Msub_a[31]_b[31]_sub_2_OUT_xor<6> (ALU0/a[31]_b[31]_sub_2_OUT<6>)
     LUT6:I4->O            1   0.203   0.580  ALU0/Mmux_out291 (ALU0/Mmux_out29)
     LUT6:I5->O            5   0.205   0.715  ALU0/Mmux_out292 (aluout_6_OBUF)
     LUT3:I2->O            3   0.205   0.651  Mmux_dm_out_mux291 (dm_out_mux<6>)
     LUT3:I2->O            8   0.205   0.802  RF0/Mmux_rdata1291 (rdata1_6_OBUF)
     MUXCY:DI->O           1   0.145   0.000  ALU0/Msub_a[31]_b[31]_sub_2_OUT_cy<6> (ALU0/Msub_a[31]_b[31]_sub_2_OUT_cy<6>)
     MUXCY:CI->O           1   0.019   0.000  ALU0/Msub_a[31]_b[31]_sub_2_OUT_cy<7> (ALU0/Msub_a[31]_b[31]_sub_2_OUT_cy<7>)
     XORCY:CI->O           1   0.180   0.684  ALU0/Msub_a[31]_b[31]_sub_2_OUT_xor<8> (ALU0/a[31]_b[31]_sub_2_OUT<8>)
     LUT6:I4->O            1   0.203   0.580  ALU0/Mmux_out311 (ALU0/Mmux_out31)
     LUT6:I5->O            5   0.205   0.715  ALU0/Mmux_out312 (aluout_8_OBUF)
     LUT3:I2->O            3   0.205   0.651  Mmux_dm_out_mux311 (dm_out_mux<8>)
     LUT3:I2->O            8   0.205   0.802  RF0/Mmux_rdata1311 (rdata1_8_OBUF)
     MUXCY:DI->O           1   0.145   0.000  ALU0/Msub_a[31]_b[31]_sub_2_OUT_cy<8> (ALU0/Msub_a[31]_b[31]_sub_2_OUT_cy<8>)
     MUXCY:CI->O           1   0.019   0.000  ALU0/Msub_a[31]_b[31]_sub_2_OUT_cy<9> (ALU0/Msub_a[31]_b[31]_sub_2_OUT_cy<9>)
     XORCY:CI->O           1   0.180   0.684  ALU0/Msub_a[31]_b[31]_sub_2_OUT_xor<10> (ALU0/a[31]_b[31]_sub_2_OUT<10>)
     LUT6:I4->O            1   0.203   0.580  ALU0/Mmux_out21 (ALU0/Mmux_out2)
     LUT6:I5->O            2   0.205   0.617  ALU0/Mmux_out22 (aluout_10_OBUF)
     LUT3:I2->O            3   0.205   0.651  Mmux_dm_out_mux21 (dm_out_mux<10>)
     LUT3:I2->O            8   0.205   0.802  RF0/Mmux_rdata1210 (rdata1_10_OBUF)
     MUXCY:DI->O           1   0.145   0.000  ALU0/Msub_a[31]_b[31]_sub_2_OUT_cy<10> (ALU0/Msub_a[31]_b[31]_sub_2_OUT_cy<10>)
     MUXCY:CI->O           1   0.019   0.000  ALU0/Msub_a[31]_b[31]_sub_2_OUT_cy<11> (ALU0/Msub_a[31]_b[31]_sub_2_OUT_cy<11>)
     XORCY:CI->O           1   0.180   0.684  ALU0/Msub_a[31]_b[31]_sub_2_OUT_xor<12> (ALU0/a[31]_b[31]_sub_2_OUT<12>)
     LUT6:I4->O            1   0.203   0.580  ALU0/Mmux_out41 (ALU0/Mmux_out4)
     LUT6:I5->O            2   0.205   0.617  ALU0/Mmux_out42 (aluout_12_OBUF)
     LUT3:I2->O            3   0.205   0.651  Mmux_dm_out_mux41 (dm_out_mux<12>)
     LUT3:I2->O            8   0.205   0.802  RF0/Mmux_rdata141 (rdata1_12_OBUF)
     MUXCY:DI->O           1   0.145   0.000  ALU0/Msub_a[31]_b[31]_sub_2_OUT_cy<12> (ALU0/Msub_a[31]_b[31]_sub_2_OUT_cy<12>)
     MUXCY:CI->O           1   0.019   0.000  ALU0/Msub_a[31]_b[31]_sub_2_OUT_cy<13> (ALU0/Msub_a[31]_b[31]_sub_2_OUT_cy<13>)
     MUXCY:CI->O           1   0.019   0.000  ALU0/Msub_a[31]_b[31]_sub_2_OUT_cy<14> (ALU0/Msub_a[31]_b[31]_sub_2_OUT_cy<14>)
     MUXCY:CI->O           1   0.019   0.000  ALU0/Msub_a[31]_b[31]_sub_2_OUT_cy<15> (ALU0/Msub_a[31]_b[31]_sub_2_OUT_cy<15>)
     MUXCY:CI->O           1   0.019   0.000  ALU0/Msub_a[31]_b[31]_sub_2_OUT_cy<16> (ALU0/Msub_a[31]_b[31]_sub_2_OUT_cy<16>)
     MUXCY:CI->O           1   0.019   0.000  ALU0/Msub_a[31]_b[31]_sub_2_OUT_cy<17> (ALU0/Msub_a[31]_b[31]_sub_2_OUT_cy<17>)
     XORCY:CI->O           1   0.180   0.684  ALU0/Msub_a[31]_b[31]_sub_2_OUT_xor<18> (ALU0/a[31]_b[31]_sub_2_OUT<18>)
     LUT6:I4->O            1   0.203   0.580  ALU0/Mmux_out101 (ALU0/Mmux_out10)
     LUT6:I5->O            2   0.205   0.617  ALU0/Mmux_out102 (aluout_18_OBUF)
     LUT3:I2->O            3   0.205   0.651  Mmux_dm_out_mux101 (dm_out_mux<18>)
     LUT3:I2->O            7   0.205   0.773  RF0/Mmux_rdata1101 (rdata1_18_OBUF)
     MUXCY:DI->O           1   0.145   0.000  ALU0/Msub_a[31]_b[31]_sub_2_OUT_cy<18> (ALU0/Msub_a[31]_b[31]_sub_2_OUT_cy<18>)
     MUXCY:CI->O           1   0.019   0.000  ALU0/Msub_a[31]_b[31]_sub_2_OUT_cy<19> (ALU0/Msub_a[31]_b[31]_sub_2_OUT_cy<19>)
     XORCY:CI->O           1   0.180   0.684  ALU0/Msub_a[31]_b[31]_sub_2_OUT_xor<20> (ALU0/a[31]_b[31]_sub_2_OUT<20>)
     LUT6:I4->O            1   0.203   0.580  ALU0/Mmux_out131 (ALU0/Mmux_out13)
     LUT6:I5->O            2   0.205   0.617  ALU0/Mmux_out132 (aluout_20_OBUF)
     LUT3:I2->O            3   0.205   0.651  Mmux_dm_out_mux131 (dm_out_mux<20>)
     LUT3:I2->O            7   0.205   0.773  RF0/Mmux_rdata1131 (rdata1_20_OBUF)
     MUXCY:DI->O           1   0.145   0.000  ALU0/Msub_a[31]_b[31]_sub_2_OUT_cy<20> (ALU0/Msub_a[31]_b[31]_sub_2_OUT_cy<20>)
     MUXCY:CI->O           1   0.019   0.000  ALU0/Msub_a[31]_b[31]_sub_2_OUT_cy<21> (ALU0/Msub_a[31]_b[31]_sub_2_OUT_cy<21>)
     XORCY:CI->O           1   0.180   0.684  ALU0/Msub_a[31]_b[31]_sub_2_OUT_xor<22> (ALU0/a[31]_b[31]_sub_2_OUT<22>)
     LUT6:I4->O            1   0.203   0.580  ALU0/Mmux_out151 (ALU0/Mmux_out15)
     LUT6:I5->O            2   0.205   0.617  ALU0/Mmux_out152 (aluout_22_OBUF)
     LUT3:I2->O            3   0.205   0.651  Mmux_dm_out_mux151 (dm_out_mux<22>)
     LUT3:I2->O            7   0.205   0.773  RF0/Mmux_rdata1151 (rdata1_22_OBUF)
     MUXCY:DI->O           1   0.145   0.000  ALU0/Msub_a[31]_b[31]_sub_2_OUT_cy<22> (ALU0/Msub_a[31]_b[31]_sub_2_OUT_cy<22>)
     MUXCY:CI->O           1   0.019   0.000  ALU0/Msub_a[31]_b[31]_sub_2_OUT_cy<23> (ALU0/Msub_a[31]_b[31]_sub_2_OUT_cy<23>)
     XORCY:CI->O           1   0.180   0.684  ALU0/Msub_a[31]_b[31]_sub_2_OUT_xor<24> (ALU0/a[31]_b[31]_sub_2_OUT<24>)
     LUT6:I4->O            1   0.203   0.580  ALU0/Mmux_out171 (ALU0/Mmux_out17)
     LUT6:I5->O            2   0.205   0.617  ALU0/Mmux_out172 (aluout_24_OBUF)
     LUT3:I2->O            3   0.205   0.651  Mmux_dm_out_mux171 (dm_out_mux<24>)
     LUT3:I2->O            7   0.205   0.773  RF0/Mmux_rdata1171 (rdata1_24_OBUF)
     MUXCY:DI->O           1   0.145   0.000  ALU0/Msub_a[31]_b[31]_sub_2_OUT_cy<24> (ALU0/Msub_a[31]_b[31]_sub_2_OUT_cy<24>)
     MUXCY:CI->O           1   0.019   0.000  ALU0/Msub_a[31]_b[31]_sub_2_OUT_cy<25> (ALU0/Msub_a[31]_b[31]_sub_2_OUT_cy<25>)
     XORCY:CI->O           1   0.180   0.684  ALU0/Msub_a[31]_b[31]_sub_2_OUT_xor<26> (ALU0/a[31]_b[31]_sub_2_OUT<26>)
     LUT6:I4->O            1   0.203   0.580  ALU0/Mmux_out191 (ALU0/Mmux_out19)
     LUT6:I5->O            2   0.205   0.617  ALU0/Mmux_out192 (aluout_26_OBUF)
     LUT3:I2->O            3   0.205   0.651  Mmux_dm_out_mux191 (dm_out_mux<26>)
     LUT3:I2->O            7   0.205   0.773  RF0/Mmux_rdata1191 (rdata1_26_OBUF)
     MUXCY:DI->O           1   0.145   0.000  ALU0/Msub_a[31]_b[31]_sub_2_OUT_cy<26> (ALU0/Msub_a[31]_b[31]_sub_2_OUT_cy<26>)
     MUXCY:CI->O           1   0.019   0.000  ALU0/Msub_a[31]_b[31]_sub_2_OUT_cy<27> (ALU0/Msub_a[31]_b[31]_sub_2_OUT_cy<27>)
     XORCY:CI->O           1   0.180   0.684  ALU0/Msub_a[31]_b[31]_sub_2_OUT_xor<28> (ALU0/a[31]_b[31]_sub_2_OUT<28>)
     LUT6:I4->O            1   0.203   0.580  ALU0/Mmux_out211 (ALU0/Mmux_out21)
     LUT6:I5->O            2   0.205   0.617  ALU0/Mmux_out212 (aluout_28_OBUF)
     LUT3:I2->O            3   0.205   0.651  Mmux_dm_out_mux211 (dm_out_mux<28>)
     LUT3:I2->O            7   0.205   0.773  RF0/Mmux_rdata1211 (rdata1_28_OBUF)
     MUXCY:DI->O           1   0.145   0.000  ALU0/Msub_a[31]_b[31]_sub_2_OUT_cy<28> (ALU0/Msub_a[31]_b[31]_sub_2_OUT_cy<28>)
     MUXCY:CI->O           1   0.019   0.000  ALU0/Msub_a[31]_b[31]_sub_2_OUT_cy<29> (ALU0/Msub_a[31]_b[31]_sub_2_OUT_cy<29>)
     XORCY:CI->O           1   0.180   0.684  ALU0/Msub_a[31]_b[31]_sub_2_OUT_xor<30> (ALU0/a[31]_b[31]_sub_2_OUT<30>)
     LUT6:I4->O            1   0.203   0.580  ALU0/Mmux_out241 (ALU0/Mmux_out24)
     LUT6:I5->O            2   0.205   0.617  ALU0/Mmux_out242 (aluout_30_OBUF)
     LUT3:I2->O            3   0.205   0.651  Mmux_dm_out_mux241 (dm_out_mux<30>)
     LUT3:I2->O            3   0.205   0.755  RF0/Mmux_rdata2241 (rdata2_30_OBUF)
     LUT3:I1->O            6   0.203   0.973  Mmux_rdata2_mux241 (rdata2_mux<30>)
     LUT4:I1->O            1   0.205   0.000  ALU0/Mcompar_a[31]_b[31]_LessThan_5_o_lut<15> (ALU0/Mcompar_a[31]_b[31]_LessThan_5_o_lut<15>)
     MUXCY:S->O            1   0.366   0.684  ALU0/Mcompar_a[31]_b[31]_LessThan_5_o_cy<15> (ALU0/a[31]_b[31]_LessThan_5_o)
     LUT6:I4->O            1   0.203   0.684  ALU0/Mmux_out11 (ALU0/Mmux_out1)
     LUT2:I0->O            5   0.203   0.715  ALU0/Mmux_out14 (aluout_0_OBUF)
     LUT3:I2->O            3   0.205   0.651  Mmux_dm_out_mux11 (dm_out_mux<0>)
     LUT3:I2->O            8   0.205   0.802  RF0/Mmux_rdata1110 (rdata1_0_OBUF)
     MUXCY:DI->O           1   0.145   0.000  ALU0/Madd_a[31]_b[31]_add_7_OUT_cy<0> (ALU0/Madd_a[31]_b[31]_add_7_OUT_cy<0>)
     MUXCY:CI->O           1   0.019   0.000  ALU0/Madd_a[31]_b[31]_add_7_OUT_cy<1> (ALU0/Madd_a[31]_b[31]_add_7_OUT_cy<1>)
     MUXCY:CI->O           1   0.019   0.000  ALU0/Madd_a[31]_b[31]_add_7_OUT_cy<2> (ALU0/Madd_a[31]_b[31]_add_7_OUT_cy<2>)
     MUXCY:CI->O           1   0.019   0.000  ALU0/Madd_a[31]_b[31]_add_7_OUT_cy<3> (ALU0/Madd_a[31]_b[31]_add_7_OUT_cy<3>)
     MUXCY:CI->O           1   0.019   0.000  ALU0/Madd_a[31]_b[31]_add_7_OUT_cy<4> (ALU0/Madd_a[31]_b[31]_add_7_OUT_cy<4>)
     MUXCY:CI->O           1   0.019   0.000  ALU0/Madd_a[31]_b[31]_add_7_OUT_cy<5> (ALU0/Madd_a[31]_b[31]_add_7_OUT_cy<5>)
     MUXCY:CI->O           1   0.019   0.000  ALU0/Madd_a[31]_b[31]_add_7_OUT_cy<6> (ALU0/Madd_a[31]_b[31]_add_7_OUT_cy<6>)
     MUXCY:CI->O           1   0.019   0.000  ALU0/Madd_a[31]_b[31]_add_7_OUT_cy<7> (ALU0/Madd_a[31]_b[31]_add_7_OUT_cy<7>)
     MUXCY:CI->O           1   0.019   0.000  ALU0/Madd_a[31]_b[31]_add_7_OUT_cy<8> (ALU0/Madd_a[31]_b[31]_add_7_OUT_cy<8>)
     MUXCY:CI->O           1   0.019   0.000  ALU0/Madd_a[31]_b[31]_add_7_OUT_cy<9> (ALU0/Madd_a[31]_b[31]_add_7_OUT_cy<9>)
     MUXCY:CI->O           1   0.019   0.000  ALU0/Madd_a[31]_b[31]_add_7_OUT_cy<10> (ALU0/Madd_a[31]_b[31]_add_7_OUT_cy<10>)
     MUXCY:CI->O           1   0.019   0.000  ALU0/Madd_a[31]_b[31]_add_7_OUT_cy<11> (ALU0/Madd_a[31]_b[31]_add_7_OUT_cy<11>)
     MUXCY:CI->O           1   0.019   0.000  ALU0/Madd_a[31]_b[31]_add_7_OUT_cy<12> (ALU0/Madd_a[31]_b[31]_add_7_OUT_cy<12>)
     MUXCY:CI->O           1   0.019   0.000  ALU0/Madd_a[31]_b[31]_add_7_OUT_cy<13> (ALU0/Madd_a[31]_b[31]_add_7_OUT_cy<13>)
     MUXCY:CI->O           1   0.019   0.000  ALU0/Madd_a[31]_b[31]_add_7_OUT_cy<14> (ALU0/Madd_a[31]_b[31]_add_7_OUT_cy<14>)
     XORCY:CI->O           2   0.180   0.617  ALU0/Madd_a[31]_b[31]_add_7_OUT_xor<15> (ALU0/a[31]_b[31]_add_7_OUT<15>)
     LUT6:I5->O            1   0.205   0.580  ALU0/Mmux_out71 (ALU0/Mmux_out7)
     LUT6:I5->O            2   0.205   0.617  ALU0/Mmux_out72 (aluout_15_OBUF)
     LUT3:I2->O            3   0.205   0.651  Mmux_dm_out_mux71 (dm_out_mux<15>)
     LUT3:I2->O            3   0.205   0.755  RF0/Mmux_rdata271 (rdata2_15_OBUF)
     LUT3:I1->O            6   0.203   0.744  Mmux_rdata2_mux71 (rdata2_mux<15>)
     DSP48A1:B15->P16      1   4.394   0.808  ALU0/Mmult_n0015 (ALU0/n0015<16>)
     LUT6:I3->O            2   0.205   0.617  ALU0/Mmux_out82 (aluout_16_OBUF)
     LUT3:I2->O            3   0.205   0.651  Mmux_dm_out_mux81 (dm_out_mux<16>)
     LUT3:I2->O            8   0.205   0.802  RF0/Mmux_rdata181 (rdata1_16_OBUF)
     DSP48A1:B16->P14      1   4.394   0.827  ALU0/Mmult_n00152 (ALU0/n0015<31>)
     LUT6:I2->O            2   0.203   0.617  ALU0/Mmux_out252 (aluout_31_OBUF)
     LUT3:I2->O            4   0.205   0.684  Mmux_dm_out_mux251 (dm_out_mux<31>)
     LUT3:I2->O            7   0.205   0.773  RF0/Mmux_rdata1251 (rdata1_31_OBUF)
     OBUF:I->O                 2.571          rdata1_31_OBUF (rdata1<31>)
    ----------------------------------------
    Total                     97.603ns (34.078ns logic, 63.525ns route)
                                       (34.9% logic, 65.1% route)

=========================================================================

Cross Clock Domains Report:
--------------------------

Clock to Setup on destination clock clk
---------------+---------+---------+---------+---------+
               | Src:Rise| Src:Fall| Src:Rise| Src:Fall|
Source Clock   |Dest:Rise|Dest:Rise|Dest:Fall|Dest:Fall|
---------------+---------+---------+---------+---------+
clk            |   95.594|         |         |         |
---------------+---------+---------+---------+---------+

=========================================================================


Total REAL time to Xst completion: 11.00 secs
Total CPU time to Xst completion: 11.57 secs
 
--> 

Total memory usage is 271668 kilobytes

Number of errors   :    0 (   0 filtered)
Number of warnings :   33 (   0 filtered)
Number of infos    :    2 (   0 filtered)

